billsasi@Bills-MBP compiler_compiler % make antlr
java -jar ~/Library/ANTLR-4.7.2/antlr-4.7.2-complete.jar -o ./target/generated-sources/ant4 -no-listener -visitor -encoding UTF-8 -Dlanguage=Cpp Expr.g4
billsasi@Bills-MBP compiler_compiler % make compile
g++ -o prog.out -std=c++17 -I /usr/local/include/antlr4-runtime -I /Users/billsasi/work/compiler_compiler/target/generated-sources/ant4 -I /Users/billsasi/work/compiler_compiler -L /usr/local/lib -w target/generated-sources/ant4/*.cpp ExprMain.cpp -I antlr4-runtime
Undefined symbols for architecture x86_64:
  "antlr4::CharStream::~CharStream()", referenced from:
      antlr4::ANTLRInputStream::~ANTLRInputStream() in ExprMain-7997c4.o
  "antlr4::Recognizer::getTokenType(std::__1::basic_string<char, std::__1::char_traits<char>, std::__1::allocator<char> > const&)", referenced from:
      vtable for ExprLexer in ExprLexer-b46a41.o
      vtable for ExprParser in ExprParser-e7efad.o
  "antlr4::Recognizer::getErrorHeader(antlr4::RecognitionException*)", referenced from:
      vtable for ExprLexer in ExprLexer-b46a41.o
      vtable for ExprParser in ExprParser-e7efad.o
  "antlr4::Recognizer::getRuleIndexMap()", referenced from:
      vtable for ExprLexer in ExprLexer-b46a41.o
      vtable for ExprParser in ExprParser-e7efad.o
  "antlr4::Recognizer::getTokenTypeMap()", referenced from:
      vtable for ExprLexer in ExprLexer-b46a41.o
      vtable for ExprParser in ExprParser-e7efad.o
  "antlr4::Recognizer::addErrorListener(antlr4::ANTLRErrorListener*)", referenced from:
      vtable for ExprLexer in ExprLexer-b46a41.o
      vtable for ExprParser in ExprParser-e7efad.o
  "antlr4::Recognizer::removeErrorListener(antlr4::ANTLRErrorListener*)", referenced from:
      vtable for ExprLexer in ExprLexer-b46a41.o
      vtable for ExprParser in ExprParser-e7efad.o
  "antlr4::Recognizer::getTokenErrorDisplay(antlr4::Token*)", referenced from:
      vtable for ExprLexer in ExprLexer-b46a41.o
      vtable for ExprParser in ExprParser-e7efad.o
  "antlr4::Recognizer::removeErrorListeners()", referenced from:
      vtable for ExprLexer in ExprLexer-b46a41.o
      vtable for ExprParser in ExprParser-e7efad.o
  "antlr4::Recognizer::getErrorListenerDispatch()", referenced from:
      vtable for ExprLexer in ExprLexer-b46a41.o
      vtable for ExprParser in ExprParser-e7efad.o
  "antlr4::Recognizer::action(antlr4::RuleContext*, unsigned long, unsigned long)", referenced from:
      vtable for ExprLexer in ExprLexer-b46a41.o
      vtable for ExprParser in ExprParser-e7efad.o
  "antlr4::Recognizer::sempred(antlr4::RuleContext*, unsigned long, unsigned long)", referenced from:
      vtable for ExprLexer in ExprLexer-b46a41.o
  "antlr4::Recognizer::precpred(antlr4::RuleContext*, int)", referenced from:
      vtable for ExprLexer in ExprLexer-b46a41.o
  "antlr4::Recognizer::setState(unsigned long)", referenced from:
      ExprParser::program() in ExprParser-e7efad.o
      ExprParser::statement() in ExprParser-e7efad.o
      ExprParser::expr(int) in ExprParser-e7efad.o
  "antlr4::Recognizer::~Recognizer()", referenced from:
      antlr4::Lexer::~Lexer() in ExprLexer-b46a41.o
  "antlr4::RuleContext::setAltNumber(unsigned long)", referenced from:
      vtable for ExprParser::ProgramContext in ExprParser-e7efad.o
      vtable for ExprParser::StatementContext in ExprParser-e7efad.o
      vtable for ExprParser::ExprContext in ExprParser-e7efad.o
  "antlr4::RuleContext::toStringTree(antlr4::Parser*)", referenced from:
      vtable for ExprParser::ProgramContext in ExprParser-e7efad.o
      vtable for ExprParser::StatementContext in ExprParser-e7efad.o
      vtable for ExprParser::ExprContext in ExprParser-e7efad.o
  "antlr4::RuleContext::toStringTree(std::__1::vector<std::__1::basic_string<char, std::__1::char_traits<char>, std::__1::allocator<char> >, std::__1::allocator<std::__1::basic_string<char, std::__1::char_traits<char>, std::__1::allocator<char> > > >&)", referenced from:
      vtable for ExprParser::ProgramContext in ExprParser-e7efad.o
      vtable for ExprParser::StatementContext in ExprParser-e7efad.o
      vtable for ExprParser::ExprContext in ExprParser-e7efad.o
  "antlr4::RuleContext::toStringTree()", referenced from:
      vtable for ExprParser::ProgramContext in ExprParser-e7efad.o
      vtable for ExprParser::StatementContext in ExprParser-e7efad.o
      vtable for ExprParser::ExprContext in ExprParser-e7efad.o
  "antlr4::RuleContext::depth()", referenced from:
      vtable for ExprParser::ProgramContext in ExprParser-e7efad.o
      vtable for ExprParser::StatementContext in ExprParser-e7efad.o
      vtable for ExprParser::ExprContext in ExprParser-e7efad.o
  "antlr4::RuleContext::getText()", referenced from:
      vtable for ExprParser::ProgramContext in ExprParser-e7efad.o
      vtable for ExprParser::StatementContext in ExprParser-e7efad.o
      vtable for ExprParser::ExprContext in ExprParser-e7efad.o
  "antlr4::RuleContext::isEmpty()", referenced from:
      vtable for ExprParser::ProgramContext in ExprParser-e7efad.o
      vtable for ExprParser::StatementContext in ExprParser-e7efad.o
      vtable for ExprParser::ExprContext in ExprParser-e7efad.o
  "antlr4::RuleContext::toString(std::__1::vector<std::__1::basic_string<char, std::__1::char_traits<char>, std::__1::allocator<char> >, std::__1::allocator<std::__1::basic_string<char, std::__1::char_traits<char>, std::__1::allocator<char> > > > const&, antlr4::RuleContext*)", referenced from:
      vtable for ExprParser::ProgramContext in ExprParser-e7efad.o
      vtable for ExprParser::StatementContext in ExprParser-e7efad.o
      vtable for ExprParser::ExprContext in ExprParser-e7efad.o
  "antlr4::RuleContext::toString()", referenced from:
      vtable for ExprParser::ProgramContext in ExprParser-e7efad.o
      vtable for ExprParser::StatementContext in ExprParser-e7efad.o
      vtable for ExprParser::ExprContext in ExprParser-e7efad.o
  "antlr4::TokenSource::~TokenSource()", referenced from:
      antlr4::Lexer::~Lexer() in ExprLexer-b46a41.o
  "antlr4::TokenStream::~TokenStream()", referenced from:
      antlr4::BufferedTokenStream::~BufferedTokenStream() in ExprMain-7997c4.o
  "antlr4::ANTLRInputStream::ANTLRInputStream(std::__1::basic_istream<char, std::__1::char_traits<char> >&)", referenced from:
      _main in ExprMain-7997c4.o
  "antlr4::CommonTokenStream::CommonTokenStream(antlr4::TokenSource*)", referenced from:
      _main in ExprMain-7997c4.o
  "antlr4::ParserRuleContext::toInfoString(antlr4::Parser*)", referenced from:
      vtable for ExprParser::ProgramContext in ExprParser-e7efad.o
      vtable for ExprParser::StatementContext in ExprParser-e7efad.o
      vtable for ExprParser::ExprContext in ExprParser-e7efad.o
  "antlr4::ParserRuleContext::removeLastChild()", referenced from:
      vtable for ExprParser::ProgramContext in ExprParser-e7efad.o
      vtable for ExprParser::StatementContext in ExprParser-e7efad.o
      vtable for ExprParser::ExprContext in ExprParser-e7efad.o
  "antlr4::ParserRuleContext::getSourceInterval()", referenced from:
      vtable for ExprParser::ProgramContext in ExprParser-e7efad.o
      vtable for ExprParser::StatementContext in ExprParser-e7efad.o
      vtable for ExprParser::ExprContext in ExprParser-e7efad.o
  "antlr4::ParserRuleContext::getStop()", referenced from:
      vtable for ExprParser::ProgramContext in ExprParser-e7efad.o
      vtable for ExprParser::StatementContext in ExprParser-e7efad.o
      vtable for ExprParser::ExprContext in ExprParser-e7efad.o
  "antlr4::ParserRuleContext::copyFrom(antlr4::ParserRuleContext*)", referenced from:
      vtable for ExprParser::ProgramContext in ExprParser-e7efad.o
      vtable for ExprParser::StatementContext in ExprParser-e7efad.o
      vtable for ExprParser::ExprContext in ExprParser-e7efad.o
  "antlr4::ParserRuleContext::exitRule(antlr4::tree::ParseTreeListener*)", referenced from:
      vtable for ExprParser::ProgramContext in ExprParser-e7efad.o
      vtable for ExprParser::StatementContext in ExprParser-e7efad.o
      vtable for ExprParser::ExprContext in ExprParser-e7efad.o
  "antlr4::ParserRuleContext::getStart()", referenced from:
      vtable for ExprParser::ProgramContext in ExprParser-e7efad.o
      vtable for ExprParser::StatementContext in ExprParser-e7efad.o
      vtable for ExprParser::ExprContext in ExprParser-e7efad.o
  "antlr4::ParserRuleContext::getToken(unsigned long, unsigned long)", referenced from:
      vtable for ExprParser::ProgramContext in ExprParser-e7efad.o
      vtable for ExprParser::StatementContext in ExprParser-e7efad.o
      vtable for ExprParser::ExprContext in ExprParser-e7efad.o
  "antlr4::ParserRuleContext::enterRule(antlr4::tree::ParseTreeListener*)", referenced from:
      vtable for ExprParser::ProgramContext in ExprParser-e7efad.o
      vtable for ExprParser::StatementContext in ExprParser-e7efad.o
      vtable for ExprParser::ExprContext in ExprParser-e7efad.o
  "antlr4::ParserRuleContext::getTokens(unsigned long)", referenced from:
      vtable for ExprParser::ProgramContext in ExprParser-e7efad.o
      vtable for ExprParser::StatementContext in ExprParser-e7efad.o
      vtable for ExprParser::ExprContext in ExprParser-e7efad.o
  "antlr4::ParserRuleContext::ParserRuleContext(antlr4::ParserRuleContext*, unsigned long)", referenced from:
      ExprParser::ProgramContext::ProgramContext(antlr4::ParserRuleContext*, unsigned long) in ExprParser-e7efad.o
      ExprParser::StatementContext::StatementContext(antlr4::ParserRuleContext*, unsigned long) in ExprParser-e7efad.o
      ExprParser::ExprContext::ExprContext(antlr4::ParserRuleContext*, unsigned long) in ExprParser-e7efad.o
  "antlr4::BufferedTokenStream::fill()", referenced from:
      _main in ExprMain-7997c4.o
  "antlr4::BufferedTokenStream::getTokens()", referenced from:
      _main in ExprMain-7997c4.o
  "antlr4::NoViableAltException::NoViableAltException(antlr4::Parser*)", referenced from:
      ExprParser::expr(int) in ExprParser-e7efad.o
  "antlr4::NoViableAltException::~NoViableAltException()", referenced from:
      ExprParser::expr(int) in ExprParser-e7efad.o
  "antlr4::RecognitionException::~RecognitionException()", referenced from:
      antlr4::FailedPredicateException::~FailedPredicateException() in ExprParser-e7efad.o
  "antlr4::FailedPredicateException::FailedPredicateException(antlr4::Parser*, std::__1::basic_string<char, std::__1::char_traits<char>, std::__1::allocator<char> > const&)", referenced from:
      ExprParser::expr(int) in ExprParser-e7efad.o
  "antlr4::atn::ATNDeserializer::deserialize(std::__1::vector<unsigned short, std::__1::allocator<unsigned short> > const&)", referenced from:
      ExprLexer::Initializer::Initializer() in ExprLexer-b46a41.o
      ExprParser::Initializer::Initializer() in ExprParser-e7efad.o
  "antlr4::atn::ATNDeserializer::ATNDeserializer()", referenced from:
      ExprLexer::Initializer::Initializer() in ExprLexer-b46a41.o
      ExprParser::Initializer::Initializer() in ExprParser-e7efad.o
  "antlr4::atn::ATNDeserializer::~ATNDeserializer()", referenced from:
      ExprLexer::Initializer::Initializer() in ExprLexer-b46a41.o
      ExprParser::Initializer::Initializer() in ExprParser-e7efad.o
  "antlr4::atn::LexerATNSimulator::LexerATNSimulator(antlr4::Lexer*, antlr4::atn::ATN const&, std::__1::vector<antlr4::dfa::DFA, std::__1::allocator<antlr4::dfa::DFA> >&, std::__1::unordered_set<std::__1::shared_ptr<antlr4::atn::PredictionContext>, antlr4::atn::PredictionContextHasher, antlr4::atn::PredictionContextComparer, std::__1::allocator<std::__1::shared_ptr<antlr4::atn::PredictionContext> > >&)", referenced from:
      ExprLexer::ExprLexer(antlr4::CharStream*) in ExprLexer-b46a41.o
  "antlr4::atn::ParserATNSimulator::ParserATNSimulator(antlr4::Parser*, antlr4::atn::ATN const&, std::__1::vector<antlr4::dfa::DFA, std::__1::allocator<antlr4::dfa::DFA> >&, std::__1::unordered_set<std::__1::shared_ptr<antlr4::atn::PredictionContext>, antlr4::atn::PredictionContextHasher, antlr4::atn::PredictionContextComparer, std::__1::allocator<std::__1::shared_ptr<antlr4::atn::PredictionContext> > >&)", referenced from:
      ExprParser::ExprParser(antlr4::TokenStream*) in ExprParser-e7efad.o
  "antlr4::atn::ATN::ATN()", referenced from:
      ___cxx_global_var_init.2 in ExprLexer-b46a41.o
      ___cxx_global_var_init.4 in ExprParser-e7efad.o
  "antlr4::atn::ATN::~ATN()", referenced from:
      ExprLexer::Initializer::Initializer() in ExprLexer-b46a41.o
      ___cxx_global_var_init.2 in ExprLexer-b46a41.o
      ExprParser::Initializer::Initializer() in ExprParser-e7efad.o
      ___cxx_global_var_init.4 in ExprParser-e7efad.o
  "antlr4::atn::ATN::operator=(antlr4::atn::ATN&&)", referenced from:
      ExprLexer::Initializer::Initializer() in ExprLexer-b46a41.o
      ExprParser::Initializer::Initializer() in ExprParser-e7efad.o
  "antlr4::dfa::Vocabulary::Vocabulary(std::__1::vector<std::__1::basic_string<char, std::__1::char_traits<char>, std::__1::allocator<char> >, std::__1::allocator<std::__1::basic_string<char, std::__1::char_traits<char>, std::__1::allocator<char> > > > const&, std::__1::vector<std::__1::basic_string<char, std::__1::char_traits<char>, std::__1::allocator<char> >, std::__1::allocator<std::__1::basic_string<char, std::__1::char_traits<char>, std::__1::allocator<char> > > > const&)", referenced from:
      ___cxx_global_var_init.31 in ExprLexer-b46a41.o
      ___cxx_global_var_init.24 in ExprParser-e7efad.o
  "antlr4::dfa::Vocabulary::~Vocabulary()", referenced from:
      ___cxx_global_var_init.31 in ExprLexer-b46a41.o
      ___cxx_global_var_init.24 in ExprParser-e7efad.o
  "antlr4::dfa::DFA::DFA(antlr4::dfa::DFA&&)", referenced from:
      void std::__1::allocator<antlr4::dfa::DFA>::construct<antlr4::dfa::DFA, antlr4::dfa::DFA>(antlr4::dfa::DFA*, antlr4::dfa::DFA&&) in ExprLexer-b46a41.o
      void std::__1::allocator<antlr4::dfa::DFA>::construct<antlr4::dfa::DFA, antlr4::dfa::DFA>(antlr4::dfa::DFA*, antlr4::dfa::DFA&&) in ExprParser-e7efad.o
  "antlr4::dfa::DFA::DFA(antlr4::atn::DecisionState*, unsigned long)", referenced from:
      void std::__1::allocator<antlr4::dfa::DFA>::construct<antlr4::dfa::DFA, antlr4::atn::DecisionState*, unsigned long&>(antlr4::dfa::DFA*, antlr4::atn::DecisionState*&&, unsigned long&) in ExprLexer-b46a41.o
      void std::__1::allocator<antlr4::dfa::DFA>::construct<antlr4::dfa::DFA, antlr4::atn::DecisionState*, unsigned long&>(antlr4::dfa::DFA*, antlr4::atn::DecisionState*&&, unsigned long&) in ExprParser-e7efad.o
  "antlr4::Lexer::getChannel()", referenced from:
      vtable for ExprLexer in ExprLexer-b46a41.o
  "antlr4::Lexer::setChannel(unsigned long)", referenced from:
      vtable for ExprLexer in ExprLexer-b46a41.o
  "antlr4::Lexer::getAllTokens()", referenced from:
      vtable for ExprLexer in ExprLexer-b46a41.o
  "antlr4::Lexer::getCharIndex()", referenced from:
      vtable for ExprLexer in ExprLexer-b46a41.o
  "antlr4::Lexer::getSourceName()", referenced from:
      vtable for ExprLexer in ExprLexer-b46a41.o
  "antlr4::Lexer::getInputStream()", referenced from:
      vtable for ExprLexer in ExprLexer-b46a41.o
  "antlr4::Lexer::setInputStream(antlr4::IntStream*)", referenced from:
      vtable for ExprLexer in ExprLexer-b46a41.o
  "antlr4::Lexer::getErrorDisplay(std::__1::basic_string<char, std::__1::char_traits<char>, std::__1::allocator<char> > const&)", referenced from:
      vtable for ExprLexer in ExprLexer-b46a41.o
  "antlr4::Lexer::getTokenFactory()", referenced from:
      vtable for ExprLexer in ExprLexer-b46a41.o
  "antlr4::Lexer::notifyListeners(antlr4::LexerNoViableAltException const&)", referenced from:
      vtable for ExprLexer in ExprLexer-b46a41.o
  "antlr4::Lexer::getCharPositionInLine()", referenced from:
      vtable for ExprLexer in ExprLexer-b46a41.o
  "antlr4::Lexer::setCharPositionInLine(unsigned long)", referenced from:
      vtable for ExprLexer in ExprLexer-b46a41.o
  "antlr4::Lexer::getNumberOfSyntaxErrors()", referenced from:
      vtable for ExprLexer in ExprLexer-b46a41.o
  "antlr4::Lexer::emit(std::__1::unique_ptr<antlr4::Token, std::__1::default_delete<antlr4::Token> >)", referenced from:
      vtable for ExprLexer in ExprLexer-b46a41.o
  "antlr4::Lexer::emit()", referenced from:
      vtable for ExprLexer in ExprLexer-b46a41.o
  "antlr4::Lexer::more()", referenced from:
      vtable for ExprLexer in ExprLexer-b46a41.o
  "antlr4::Lexer::skip()", referenced from:
      vtable for ExprLexer in ExprLexer-b46a41.o
  "antlr4::Lexer::reset()", referenced from:
      vtable for ExprLexer in ExprLexer-b46a41.o
  "antlr4::Lexer::emitEOF()", referenced from:
      vtable for ExprLexer in ExprLexer-b46a41.o
  "antlr4::Lexer::getText()", referenced from:
      vtable for ExprLexer in ExprLexer-b46a41.o
  "antlr4::Lexer::getType()", referenced from:
      vtable for ExprLexer in ExprLexer-b46a41.o
  "antlr4::Lexer::popMode()", referenced from:
      vtable for ExprLexer in ExprLexer-b46a41.o
  "antlr4::Lexer::recover(antlr4::RecognitionException*)", referenced from:
      vtable for ExprLexer in ExprLexer-b46a41.o
  "antlr4::Lexer::recover(antlr4::LexerNoViableAltException const&)", referenced from:
      vtable for ExprLexer in ExprLexer-b46a41.o
  "antlr4::Lexer::setLine(unsigned long)", referenced from:
      vtable for ExprLexer in ExprLexer-b46a41.o
  "antlr4::Lexer::setMode(unsigned long)", referenced from:
      vtable for ExprLexer in ExprLexer-b46a41.o
  "antlr4::Lexer::setText(std::__1::basic_string<char, std::__1::char_traits<char>, std::__1::allocator<char> > const&)", referenced from:
      vtable for ExprLexer in ExprLexer-b46a41.o
  "antlr4::Lexer::setType(unsigned long)", referenced from:
      vtable for ExprLexer in ExprLexer-b46a41.o
  "antlr4::Lexer::getToken()", referenced from:
      vtable for ExprLexer in ExprLexer-b46a41.o
  "antlr4::Lexer::pushMode(unsigned long)", referenced from:
      vtable for ExprLexer in ExprLexer-b46a41.o
  "antlr4::Lexer::setToken(std::__1::unique_ptr<antlr4::Token, std::__1::default_delete<antlr4::Token> >)", referenced from:
      vtable for ExprLexer in ExprLexer-b46a41.o
  "antlr4::Lexer::nextToken()", referenced from:
      vtable for ExprLexer in ExprLexer-b46a41.o
  "antlr4::Lexer::Lexer(antlr4::CharStream*)", referenced from:
      ExprLexer::ExprLexer(antlr4::CharStream*) in ExprLexer-b46a41.o
  "antlr4::Parser::getContext()", referenced from:
      vtable for ExprParser in ExprParser-e7efad.o
  "antlr4::Parser::setContext(antlr4::ParserRuleContext*)", referenced from:
      vtable for ExprParser in ExprParser-e7efad.o
  "antlr4::Parser::getRuleIndex(std::__1::basic_string<char, std::__1::char_traits<char>, std::__1::allocator<char> > const&)", referenced from:
      vtable for ExprParser in ExprParser-e7efad.o
  "antlr4::Parser::enterOuterAlt(antlr4::ParserRuleContext*, unsigned long)", referenced from:
      vtable for ExprParser in ExprParser-e7efad.o
  "antlr4::Parser::getDFAStrings()", referenced from:
      vtable for ExprParser in ExprParser-e7efad.o
  "antlr4::Parser::getSourceName()", referenced from:
      vtable for ExprParser in ExprParser-e7efad.o
  "antlr4::Parser::matchWildcard()", referenced from:
      vtable for ExprParser in ExprParser-e7efad.o
  "antlr4::Parser::getInputStream()", referenced from:
      vtable for ExprParser in ExprParser-e7efad.o
  "antlr4::Parser::getRuleContext()", referenced from:
      vtable for ExprParser in ExprParser-e7efad.o
  "antlr4::Parser::getTokenStream()", referenced from:
      vtable for ExprParser in ExprParser-e7efad.o
  "antlr4::Parser::setInputStream(antlr4::IntStream*)", referenced from:
      vtable for ExprParser in ExprParser-e7efad.o
  "antlr4::Parser::setTokenStream(antlr4::TokenStream*)", referenced from:
      vtable for ExprParser in ExprParser-e7efad.o
  "antlr4::Parser::getCurrentToken()", referenced from:
      vtable for ExprParser in ExprParser-e7efad.o
  "antlr4::Parser::getErrorHandler()", referenced from:
      vtable for ExprParser in ExprParser-e7efad.o
  "antlr4::Parser::getTokenFactory()", referenced from:
      vtable for ExprParser in ExprParser-e7efad.o
  "antlr4::Parser::isExpectedToken(unsigned long)", referenced from:
      vtable for ExprParser in ExprParser-e7efad.o
  "antlr4::Parser::setErrorHandler(std::__1::shared_ptr<antlr4::ANTLRErrorStrategy> const&)", referenced from:
      vtable for ExprParser in ExprParser-e7efad.o
  "antlr4::Parser::addParseListener(antlr4::tree::ParseTreeListener*)", referenced from:
      vtable for ExprParser in ExprParser-e7efad.o
  "antlr4::Parser::getTrimParseTree()", referenced from:
      vtable for ExprParser in ExprParser-e7efad.o
  "antlr4::Parser::setTrimParseTree(bool)", referenced from:
      vtable for ExprParser in ExprParser-e7efad.o
  "antlr4::Parser::getBuildParseTree()", referenced from:
      vtable for ExprParser in ExprParser-e7efad.o
  "antlr4::Parser::getExpectedTokens()", referenced from:
      vtable for ExprParser in ExprParser-e7efad.o
  "antlr4::Parser::getParseListeners()", referenced from:
      vtable for ExprParser in ExprParser-e7efad.o
  "antlr4::Parser::setBuildParseTree(bool)", referenced from:
      vtable for ExprParser in ExprParser-e7efad.o
  "antlr4::Parser::enterRecursionRule(antlr4::ParserRuleContext*, unsigned long)", referenced from:
      vtable for ExprParser in ExprParser-e7efad.o
  "antlr4::Parser::enterRecursionRule(antlr4::ParserRuleContext*, unsigned long, unsigned long, int)", referenced from:
      vtable for ExprParser in ExprParser-e7efad.o
  "antlr4::Parser::getInvokingContext(unsigned long)", referenced from:
      vtable for ExprParser in ExprParser-e7efad.o
  "antlr4::Parser::removeParseListener(antlr4::tree::ParseTreeListener*)", referenced from:
      vtable for ExprParser in ExprParser-e7efad.o
  "antlr4::Parser::getATNWithBypassAlts()", referenced from:
      vtable for ExprParser in ExprParser-e7efad.o
  "antlr4::Parser::notifyErrorListeners(antlr4::Token*, std::__1::basic_string<char, std::__1::char_traits<char>, std::__1::allocator<char> > const&, std::exception_ptr)", referenced from:
      vtable for ExprParser in ExprParser-e7efad.o
  "antlr4::Parser::removeParseListeners()", referenced from:
      vtable for ExprParser in ExprParser-e7efad.o
  "antlr4::Parser::triggerExitRuleEvent()", referenced from:
      vtable for ExprParser in ExprParser-e7efad.o
  "antlr4::Parser::addContextToParseTree()", referenced from:
      vtable for ExprParser in ExprParser-e7efad.o
  "antlr4::Parser::triggerEnterRuleEvent()", referenced from:
      vtable for ExprParser in ExprParser-e7efad.o
  "antlr4::Parser::getRuleInvocationStack(antlr4::RuleContext*)", referenced from:
      vtable for ExprParser in ExprParser-e7efad.o
  "antlr4::Parser::getRuleInvocationStack()", referenced from:
      vtable for ExprParser in ExprParser-e7efad.o
  "antlr4::Parser::compileParseTreePattern(std::__1::basic_string<char, std::__1::char_traits<char>, std::__1::allocator<char> > const&, int)", referenced from:
      vtable for ExprParser in ExprParser-e7efad.o
  "antlr4::Parser::compileParseTreePattern(std::__1::basic_string<char, std::__1::char_traits<char>, std::__1::allocator<char> > const&, int, antlr4::Lexer*)", referenced from:
      vtable for ExprParser in ExprParser-e7efad.o
  "antlr4::Parser::getNumberOfSyntaxErrors()", referenced from:
      vtable for ExprParser in ExprParser-e7efad.o
  "antlr4::Parser::pushNewRecursionContext(antlr4::ParserRuleContext*, unsigned long, unsigned long)", referenced from:
      vtable for ExprParser in ExprParser-e7efad.o
  "antlr4::Parser::unrollRecursionContexts(antlr4::ParserRuleContext*)", referenced from:
      vtable for ExprParser in ExprParser-e7efad.o
  "antlr4::Parser::getExpectedTokensWithinCurrentRule()", referenced from:
      vtable for ExprParser in ExprParser-e7efad.o
  "antlr4::Parser::match(unsigned long)", referenced from:
      vtable for ExprParser in ExprParser-e7efad.o
  "antlr4::Parser::reset()", referenced from:
      vtable for ExprParser in ExprParser-e7efad.o
  "antlr4::Parser::consume()", referenced from:
      vtable for ExprParser in ExprParser-e7efad.o
  "antlr4::Parser::dumpDFA()", referenced from:
      vtable for ExprParser in ExprParser-e7efad.o
  "antlr4::Parser::exitRule()", referenced from:
      ExprParser::program()::$_0::operator()() const in ExprParser-e7efad.o
      ExprParser::statement()::$_1::operator()() const in ExprParser-e7efad.o
  "antlr4::Parser::precpred(antlr4::RuleContext*, int)", referenced from:
      vtable for ExprParser in ExprParser-e7efad.o
  "antlr4::Parser::setTrace(bool)", referenced from:
      vtable for ExprParser in ExprParser-e7efad.o
  "antlr4::Parser::enterRule(antlr4::ParserRuleContext*, unsigned long, unsigned long)", referenced from:
      vtable for ExprParser in ExprParser-e7efad.o
  "antlr4::Parser::inContext(std::__1::basic_string<char, std::__1::char_traits<char>, std::__1::allocator<char> > const&)", referenced from:
      vtable for ExprParser in ExprParser-e7efad.o
  "antlr4::Parser::Parser(antlr4::TokenStream*)", referenced from:
      ExprParser::ExprParser(antlr4::TokenStream*) in ExprParser-e7efad.o
  "antlr4::Parser::~Parser()", referenced from:
      ExprParser::ExprParser(antlr4::TokenStream*) in ExprParser-e7efad.o
      ExprParser::~ExprParser() in ExprParser-e7efad.o
  "antlrcpp::finally(std::__1::function<void ()>)", referenced from:
      ExprParser::program() in ExprParser-e7efad.o
      ExprParser::statement() in ExprParser-e7efad.o
      ExprParser::expr(int) in ExprParser-e7efad.o
  "antlr4::Recognizer::getState() const", referenced from:
      vtable for ExprLexer in ExprLexer-b46a41.o
      vtable for ExprParser in ExprParser-e7efad.o
  "antlr4::RuleContext::getAltNumber() const", referenced from:
      vtable for ExprParser::ProgramContext in ExprParser-e7efad.o
      vtable for ExprParser::StatementContext in ExprParser-e7efad.o
      vtable for ExprParser::ExprContext in ExprParser-e7efad.o
  "antlr4::atn::ATN::getDecisionState(unsigned long) const", referenced from:
      ExprLexer::Initializer::Initializer() in ExprLexer-b46a41.o
      ExprParser::Initializer::Initializer() in ExprParser-e7efad.o
  "antlr4::atn::ATN::getNumberOfDecisions() const", referenced from:
      ExprLexer::Initializer::Initializer() in ExprLexer-b46a41.o
      ExprParser::Initializer::Initializer() in ExprParser-e7efad.o
  "antlr4::dfa::Vocabulary::getLiteralName(unsigned long) const", referenced from:
      ExprLexer::Initializer::Initializer() in ExprLexer-b46a41.o
      ExprParser::Initializer::Initializer() in ExprParser-e7efad.o
  "antlr4::dfa::Vocabulary::getSymbolicName(unsigned long) const", referenced from:
      ExprLexer::Initializer::Initializer() in ExprLexer-b46a41.o
      ExprParser::Initializer::Initializer() in ExprParser-e7efad.o
  "antlr4::tree::ParseTree::operator==(antlr4::tree::ParseTree const&) const", referenced from:
      vtable for ExprParser::ProgramContext in ExprParser-e7efad.o
      vtable for ExprParser::StatementContext in ExprParser-e7efad.o
      vtable for ExprParser::ExprContext in ExprParser-e7efad.o
  "antlr4::Lexer::getLine() const", referenced from:
      vtable for ExprLexer in ExprLexer-b46a41.o
  "typeinfo for antlr4::RuleContext", referenced from:
      ExprParser::sempred(antlr4::RuleContext*, unsigned long, unsigned long) in ExprParser-e7efad.o
  "typeinfo for antlr4::ParserRuleContext", referenced from:
      typeinfo for ExprParser::ExprContext in ExprParser-e7efad.o
      typeinfo for ExprParser::ProgramContext in ExprParser-e7efad.o
      typeinfo for ExprParser::StatementContext in ExprParser-e7efad.o
  "typeinfo for antlr4::NoViableAltException", referenced from:
      ExprParser::expr(int) in ExprParser-e7efad.o
  "typeinfo for antlr4::RecognitionException", referenced from:
      GCC_except_table17 in ExprParser-e7efad.o
      GCC_except_table22 in ExprParser-e7efad.o
      GCC_except_table36 in ExprParser-e7efad.o
  "typeinfo for antlr4::FailedPredicateException", referenced from:
      ExprParser::expr(int) in ExprParser-e7efad.o
  "typeinfo for antlr4::atn::ATNSimulator", referenced from:
      antlr4::atn::ParserATNSimulator* antlr4::Recognizer::getInterpreter<antlr4::atn::ParserATNSimulator>() const in ExprParser-e7efad.o
  "typeinfo for antlr4::atn::ParserATNSimulator", referenced from:
      antlr4::atn::ParserATNSimulator* antlr4::Recognizer::getInterpreter<antlr4::atn::ParserATNSimulator>() const in ExprParser-e7efad.o
  "typeinfo for antlr4::tree::ParseTreeVisitor", referenced from:
      ExprParser::ProgramContext::accept(antlr4::tree::ParseTreeVisitor*) in ExprParser-e7efad.o
      ExprParser::StatementContext::accept(antlr4::tree::ParseTreeVisitor*) in ExprParser-e7efad.o
      ExprParser::ExprContext::accept(antlr4::tree::ParseTreeVisitor*) in ExprParser-e7efad.o
      typeinfo for antlr4::tree::AbstractParseTreeVisitor in ExprParser-e7efad.o
  "typeinfo for antlr4::tree::ParseTree", referenced from:
      std::__1::vector<ExprParser::StatementContext*, std::__1::allocator<ExprParser::StatementContext*> > antlr4::ParserRuleContext::getRuleContexts<ExprParser::StatementContext>() in ExprParser-e7efad.o
      ExprParser::StatementContext* antlr4::ParserRuleContext::getRuleContext<ExprParser::StatementContext>(unsigned long) in ExprParser-e7efad.o
      ExprParser::ExprContext* antlr4::ParserRuleContext::getRuleContext<ExprParser::ExprContext>(unsigned long) in ExprParser-e7efad.o
      std::__1::vector<ExprParser::ExprContext*, std::__1::allocator<ExprParser::ExprContext*> > antlr4::ParserRuleContext::getRuleContexts<ExprParser::ExprContext>() in ExprParser-e7efad.o
      bool antlrcpp::is<ExprParser::StatementContext*, antlr4::tree::ParseTree>(antlr4::tree::ParseTree*) in ExprParser-e7efad.o
      bool antlrcpp::is<ExprParser::ExprContext*, antlr4::tree::ParseTree>(antlr4::tree::ParseTree*) in ExprParser-e7efad.o
  "typeinfo for antlr4::Lexer", referenced from:
      typeinfo for ExprLexer in ExprLexer-b46a41.o
  "typeinfo for antlr4::Parser", referenced from:
      typeinfo for ExprParser in ExprParser-e7efad.o
  "vtable for antlr4::ANTLRInputStream", referenced from:
      antlr4::ANTLRInputStream::~ANTLRInputStream() in ExprMain-7997c4.o
  NOTE: a missing vtable usually means the first non-inline virtual member function has no definition.
  "vtable for antlr4::ParserRuleContext", referenced from:
      antlr4::ParserRuleContext::~ParserRuleContext() in ExprParser-e7efad.o
  NOTE: a missing vtable usually means the first non-inline virtual member function has no definition.
  "vtable for antlr4::BufferedTokenStream", referenced from:
      antlr4::BufferedTokenStream::~BufferedTokenStream() in ExprMain-7997c4.o
  NOTE: a missing vtable usually means the first non-inline virtual member function has no definition.
  "vtable for antlr4::FailedPredicateException", referenced from:
      antlr4::FailedPredicateException::~FailedPredicateException() in ExprParser-e7efad.o
  NOTE: a missing vtable usually means the first non-inline virtual member function has no definition.
  "vtable for antlr4::tree::ParseTree", referenced from:
      antlr4::tree::ParseTree::~ParseTree() in ExprParser-e7efad.o
  NOTE: a missing vtable usually means the first non-inline virtual member function has no definition.
  "vtable for antlr4::Lexer", referenced from:
      antlr4::Lexer::~Lexer() in ExprLexer-b46a41.o
  NOTE: a missing vtable usually means the first non-inline virtual member function has no definition.
  "non-virtual thunk to antlr4::Lexer::getSourceName()", referenced from:
      vtable for ExprLexer in ExprLexer-b46a41.o
  "non-virtual thunk to antlr4::Lexer::getInputStream()", referenced from:
      vtable for ExprLexer in ExprLexer-b46a41.o
  "non-virtual thunk to antlr4::Lexer::getTokenFactory()", referenced from:
      vtable for ExprLexer in ExprLexer-b46a41.o
  "non-virtual thunk to antlr4::Lexer::getCharPositionInLine()", referenced from:
      vtable for ExprLexer in ExprLexer-b46a41.o
  "non-virtual thunk to antlr4::Lexer::nextToken()", referenced from:
      vtable for ExprLexer in ExprLexer-b46a41.o
  "non-virtual thunk to antlr4::Lexer::getLine() const", referenced from:
      vtable for ExprLexer in ExprLexer-b46a41.o
ld: symbol(s) not found for architecture x86_64
clang: error: linker command failed with exit code 1 (use -v to see invocation)
make: *** [compile] Error 1